// Jest Snapshot v1, https://goo.gl/fbAQLP

exports[`TodoInput should render properly 1`] = `
<DocumentFragment>
  <div
    class="todo-input"
    id="todo-input"
    label=""
    name="todo-input"
    placeholder=""
    title="todo-input"
    type="text"
    value=""
  >
    <span
      class="check__box"
      style="margin-left: 0px; margin-right: 0px;"
    />
  </div>
</DocumentFragment>
`;
