// Jest Snapshot v1, https://goo.gl/fbAQLP

exports[`App should render properly 1`] = `
<DocumentFragment>
  <div
    class="container"
  >
    <div
      class="content"
    >
      <div
        class="todoContent"
      >
        <div
          bottom="10"
          style="margin-top: 10px; margin-bottom: 10px;"
          top="10"
        />
        <h1
          class="c-white"
        >
          T O D O
        </h1>
        <div
          bottom="15"
          style="margin-top: 15px; margin-bottom: 15px;"
          top="15"
        />
        <div
          class="inputWrapper"
        >
          <span
            class="check__box"
            style="margin-left: 0px; margin-right: 0px;"
          />
          <input
            class="todo-input"
            id="todo-input"
            type="text"
            value=""
          />
        </div>
        <div
          bottom="10"
          style="margin-top: 10px; margin-bottom: 10px;"
          top="10"
        />
        <ul
          class="todoList"
        />
        <div
          class="todoListActions"
        >
          <div
            class="left"
          >
            <span
              class="fs-12"
            >
              0 items left 
            </span>
          </div>
          <div
            class="middle"
          >
            <button
              class="button fs-12 c-blue"
              type="button"
            >
              <span>
                All
              </span>
            </button>
            <button
              class="button fs-12 false"
              type="button"
            >
              <span>
                Active
              </span>
            </button>
            <button
              class="button fs-12 false"
              type="button"
            >
              <span>
                Completed
              </span>
            </button>
          </div>
          <div
            class="right"
          >
            <button
              class="button fs-12"
              type="button"
            >
              <span>
                Clear Completed
              </span>
            </button>
          </div>
        </div>
        <footer />
      </div>
    </div>
  </div>
</DocumentFragment>
`;
